// Jest Snapshot v1, https://goo.gl/fbAQLP

exports[`<AddToCart/> renders and matches the snap shot 1`] = `
<button
  disabled={false}
  onClick={[Function]}
>
  Add To Cart Practice
</button>
`;

exports[`<TakeMyMoney/> renders and matches snapshot 1`] = `
<ReactStripeCheckout
  ComponentClass="span"
  className="StripeCheckout"
  currency="USD"
  label="Pay With Card"
  locale="auto"
  reconfigureOnUpdate={false}
  stripeKey="pk_test_9OYlXxkQDz9R8B1pQNL29G6E00XujuuzUM"
  token={[Function]}
  triggerEvent="onClick"
>
  <button
    className="StripeCheckout"
    onBlur={[Function]}
    onClick={[Function]}
    onFocus={[Function]}
    onMouseDown={[Function]}
    onMouseOut={[Function]}
    onMouseUp={[Function]}
    style={
      Object {
        "background": "linear-gradient(#28a0e5,#015e94)",
        "border": 0,
        "borderRadius": 5,
        "boxShadow": "0 1px 0 rgba(0,0,0,0.2)",
        "cursor": "pointer",
        "display": "inline-block",
        "overflow": "hidden",
        "padding": 1,
        "textDecoration": "none",
        "userSelect": "none",
        "visibility": "visible",
      }
    }
  >
    <span
      style={
        Object {
          "backgroundImage": "linear-gradient(#7dc5ee,#008cdd 85%,#30a2e4)",
          "borderRadius": 4,
          "boxShadow": "inset 0 1px 0 rgba(255,255,255,0.25)",
          "color": "#fff",
          "display": "block",
          "fontFamily": "\\"Helvetica Neue\\",Helvetica,Arial,sans-serif",
          "fontSize": 14,
          "fontWeight": "bold",
          "height": 30,
          "lineHeight": "30px",
          "padding": "0 12px",
          "position": "relative",
          "textShadow": "0 -1px 0 rgba(0,0,0,0.25)",
        }
      }
    >
      Pay With Card
    </span>
  </button>
</ReactStripeCheckout>
`;
